sammy@Ubuntu22:~$ kind create cluster
Creating cluster "kind" ...
 ‚úì Ensuring node image (kindest/node:v1.25.3) üñº 
 ‚úì Preparing nodes üì¶  
 ‚úì Writing configuration üìú 
 ‚úì Starting control-plane üïπÔ∏è 
 ‚úì Installing CNI üîå 
 ‚úì Installing StorageClass üíæ 
Set kubectl context to "kind-kind"
You can now use your cluster with:

kubectl cluster-info --context kind-kind

Not sure what to do next? üòÖ  Check out https://kind.sigs.k8s.io/docs/user/quick-start/
sammy@Ubuntu22:~$ kubectl apply --filename multi.yaml
Every 10.0s: wget localhost                                 2023-02-17 22:04:08

Connecting to localhost ([::1]:80)
Every 10.0s: wget localhost                                 2023-02-17 22:04:28

Connecting to localhost ([::1]:80)
wget: can't open 'index.html': File exists
sammy@Ubuntu22:~$ kubectl logs multi-container-pod
Defaulted container "container-1" out of: container-1, container-2
/docker-entrypoint.sh: /docker-entrypoint.d/ is not empty, will attempt to perform configuration
/docker-entrypoint.sh: Looking for shell scripts in /docker-entrypoint.d/
/docker-entrypoint.sh: Launching /docker-entrypoint.d/10-listen-on-ipv6-by-default.sh
10-listen-on-ipv6-by-default.sh: info: Getting the checksum of /etc/nginx/conf.d/default.conf
10-listen-on-ipv6-by-default.sh: info: Enabled listen on IPv6 in /etc/nginx/conf.d/default.conf
/docker-entrypoint.sh: Launching /docker-entrypoint.d/20-envsubst-on-templates.sh
/docker-entrypoint.sh: Launching /docker-entrypoint.d/30-tune-worker-processes.sh
/docker-entrypoint.sh: Configuration complete; ready for start up
2023/02/17 22:02:37 [notice] 1#1: using the "epoll" event method
2023/02/17 22:02:37 [notice] 1#1: nginx/1.23.3
2023/02/17 22:02:37 [notice] 1#1: built by gcc 10.2.1 20210110 (Debian 10.2.1-6) 
2023/02/17 22:02:37 [notice] 1#1: OS: Linux 5.19.0-32-generic
2023/02/17 22:02:37 [notice] 1#1: getrlimit(RLIMIT_NOFILE): 1048576:1048576
2023/02/17 22:02:37 [notice] 1#1: start worker processes
2023/02/17 22:02:37 [notice] 1#1: start worker process 35
2023/02/17 22:02:37 [notice] 1#1: start worker process 36
2023/02/17 22:02:37 [notice] 1#1: start worker process 37
::1 - - [17/Feb/2023:22:02:48 +0000] "GET / HTTP/1.1" 200 615 "-" "Wget" "-"
::1 - - [17/Feb/2023:22:02:58 +0000] "GET / HTTP/1.1" 200 615 "-" "Wget" "-"
::1 - - [17/Feb/2023:22:03:08 +0000] "GET / HTTP/1.1" 200 615 "-" "Wget" "-"
::1 - - [17/Feb/2023:22:03:18 +0000] "GET / HTTP/1.1" 200 615 "-" "Wget" "-"
::1 - - [17/Feb/2023:22:03:28 +0000] "GET / HTTP/1.1" 200 615 "-" "Wget" "-"
::1 - - [17/Feb/2023:22:03:38 +0000] "GET / HTTP/1.1" 200 615 "-" "Wget" "-"
::1 - - [17/Feb/2023:22:03:48 +0000] "GET / HTTP/1.1" 200 615 "-" "Wget" "-"
::1 - - [17/Feb/2023:22:03:58 +0000] "GET / HTTP/1.1" 200 615 "-" "Wget" "-"
::1 - - [17/Feb/2023:22:04:08 +0000] "GET / HTTP/1.1" 200 615 "-" "Wget" "-"
::1 - - [17/Feb/2023:22:04:18 +0000] "GET / HTTP/1.1" 200 615 "-" "Wget" "-"
::1 - - [17/Feb/2023:22:04:28 +0000] "GET / HTTP/1.1" 200 615 "-" "Wget" "-"
::1 - - [17/Feb/2023:22:04:38 +0000] "GET / HTTP/1.1" 200 615 "-" "Wget" "-"
::1 - - [17/Feb/2023:22:04:48 +0000] "GET / HTTP/1.1" 200 615 "-" "Wget" "-"
sammy@Ubuntu22:~$ docker exec -it kind-control-plane bash
root@kind-control-plane:/# exit
exit
sammy@Ubuntu22:~$ kubectl exec -it multi-container-pod
error: you must specify at least one command for the container
sammy@Ubuntu22:~$ kubectl exec -it multi-container-pod /bin/bash
kubectl exec [POD] [COMMAND] is DEPRECATED and will be removed in a future version. Use kubectl exec [POD] -- [COMMAND] instead.
Defaulted container "container-1" out of: container-1, container-2
root@multi-container-pod:/# exit
exit
sammy@Ubuntu22:~$ kubectl exec -it multi-container-pod --container container-2 /bin/bash 
kubectl exec [POD] [COMMAND] is DEPRECATED and will be removed in a future version. Use kubectl exec [POD] -- [COMMAND] instead.
error: Internal error occurred: error executing command in container: failed to exec in container: failed to start exec "7c073a04ebf00be3af5c231be8aafa9b61e408175f94309a5ce700b0c41386f0": OCI runtime exec failed: exec failed: unable to start container process: exec: "/bin/bash": stat /bin/bash: no such file or directory: unknown
sammy@Ubuntu22:~$ kubectl exec -it multi-container-pod --container container-2 sh
kubectl exec [POD] [COMMAND] is DEPRECATED and will be removed in a future version. Use kubectl exec [POD] -- [COMMAND] instead.
/ # ls
bin           index.html    opt           root          sys
dev           lib           proc          run           tmp
etc           media         product_name  sbin          usr
home          mnt           product_uuid  srv           var
/ # rm index.html
/ # wget localhost
Connecting to localhost ([::1]:80)
wget: can't open 'index.html': File exists
/ # ls
bin           index.html    opt           root          sys
dev           lib           proc          run           tmp
etc           media         product_name  sbin          usr
home          mnt           product_uuid  srv           var
/ # cat index.html
<!DOCTYPE html>
<html>
<head>
<title>Welcome to nginx!</title>
<style>
html { color-scheme: light dark; }
body { width: 35em; margin: 0 auto;
font-family: Tahoma, Verdana, Arial, sans-serif; }
</style>
</head>
<body>
<h1>Welcome to nginx!</h1>
<p>If you see this page, the nginx web server is successfully installed and
working. Further configuration is required.</p>

<p>For online documentation and support please refer to
<a href="http://nginx.org/">nginx.org</a>.<br/>
Commercial support is available at
<a href="http://nginx.com/">nginx.com</a>.</p>

<p><em>Thank you for using nginx.</em></p>
</body>
</html>
/ # mkdir test
/ # cd test
/test # wget localhost
Connecting to localhost ([::1]:80)
saving to 'index.html'
index.html           100% |************************************************|   615  0:00:00 ETA
'index.html' saved
/test # ls
index.html
/test # cat index.html
<!DOCTYPE html>
<html>
<head>
<title>Welcome to nginx!</title>
<style>
html { color-scheme: light dark; }
body { width: 35em; margin: 0 auto;
font-family: Tahoma, Verdana, Arial, sans-serif; }
</style>
</head>
<body>
<h1>Welcome to nginx!</h1>
<p>If you see this page, the nginx web server is successfully installed and
working. Further configuration is required.</p>

<p>For online documentation and support please refer to
<a href="http://nginx.org/">nginx.org</a>.<br/>
Commercial support is available at
<a href="http://nginx.com/">nginx.com</a>.</p>

<p><em>Thank you for using nginx.</em></p>
</body>
</html>
/test # exit
sammy@Ubuntu22:~$ kind delete cluster
Deleting cluster "kind" ...
sammy@Ubuntu22:~$ kubectl get pods -o wide
E0217 17:25:38.996198   32063 memcache.go:238] couldn't get current server API group list: Get "http://localhost:8080/api?timeout=32s": dial tcp 127.0.0.1:8080: connect: connection refused
E0217 17:25:38.996726   32063 memcache.go:238] couldn't get current server API group list: Get "http://localhost:8080/api?timeout=32s": dial tcp 127.0.0.1:8080: connect: connection refused
E0217 17:25:38.998550   32063 memcache.go:238] couldn't get current server API group list: Get "http://localhost:8080/api?timeout=32s": dial tcp 127.0.0.1:8080: connect: connection refused
E0217 17:25:39.000066   32063 memcache.go:238] couldn't get current server API group list: Get "http://localhost:8080/api?timeout=32s": dial tcp 127.0.0.1:8080: connect: connection refused
E0217 17:25:39.001906   32063 memcache.go:238] couldn't get current server API group list: Get "http://localhost:8080/api?timeout=32s": dial tcp 127.0.0.1:8080: connect: connection refused
The connection to the server localhost:8080 was refused - did you specify the right host or port?
sammy@Ubuntu22:~$ kind create cluster
Creating cluster "kind" ...
 ‚úì Ensuring node image (kindest/node:v1.25.3) üñº 
 ‚úì Preparing nodes üì¶  
 ‚úì Writing configuration üìú 
 ‚úì Starting control-plane üïπÔ∏è 
 ‚úì Installing CNI üîå 
 ‚úì Installing StorageClass üíæ 
Set kubectl context to "kind-kind"
You can now use your cluster with:

kubectl cluster-info --context kind-kind

Not sure what to do next? üòÖ  Check out https://kind.sigs.k8s.io/docs/user/quick-start/
sammy@Ubuntu22:~$ kubectl get pods -o wide
No resources found in default namespace.
sammy@Ubuntu22:~$ kubectl apply -f multi.yaml
pod/multi-container-pod created
sammy@Ubuntu22:~$ kubectl apply -f nginx.yaml
service/nginx created
deployment.apps/nginx created
sammy@Ubuntu22:~$ kubectl get pods
NAME                     READY   STATUS              RESTARTS   AGE
multi-container-pod      0/2     ErrImageNeverPull   0          31s
nginx-5f65c7796d-n8gcc   0/1     ErrImageNeverPull   0          4s
sammy@Ubuntu22:~$ kind load docker-image alpine:latest
Image: "" with ID "sha256:b2aa39c304c27b96c1fef0c06bee651ac9241d49c4fe34381cab8453f9a89c7d" not yet present on node "kind-control-plane", loading...
sammy@Ubuntu22:~$ kind load docker-image nginx:latest
Image: "" with ID "sha256:3f8a00f137a0d2c8a2163a09901e28e2471999fde4efc2f9570b91f1c30acf94" not yet present on node "kind-control-plane", loading...
sammy@Ubuntu22:~$ kubectl get pods
NAME                     READY   STATUS    RESTARTS   AGE
multi-container-pod      2/2     Running   0          110s
nginx-5f65c7796d-n8gcc   1/1     Running   0          83s
sammy@Ubuntu22:~$ kubectl get pods -o wide
NAME                     READY   STATUS    RESTARTS   AGE    IP           NODE                 NOMINATED NODE   READINESS GATES
multi-container-pod      2/2     Running   0          2m4s   10.244.0.5   kind-control-plane   <none>           <none>
nginx-5f65c7796d-n8gcc   1/1     Running   0          97s    10.244.0.6   kind-control-plane   <none>           <none>
sammy@Ubuntu22:~$ ^C
sammy@Ubuntu22:~$ kubectl delete cluster
error: the server doesn't have a resource type "cluster"
sammy@Ubuntu22:~$ kind delete cluster
Deleting cluster "kind" ...
sammy@Ubuntu22:~$ 

